Archive member included to satisfy reference by file (symbol)

C:/avr_toolchain/avr8-gnu-toolchain-win32_x86_64/bin/../lib/gcc/avr/15.1.0/avr5\libgcc.a(_umulhisi3.o)
                              C:\Tas_2\debug\MCAL\TIMER0\Timer0_Program.c.o (__umulhisi3)
C:/avr_toolchain/avr8-gnu-toolchain-win32_x86_64/bin/../lib/gcc/avr/15.1.0/avr5\libgcc.a(_udivmodsi4.o)
                              C:\Tas_2\debug\MCAL\TIMER0\Timer0_Program.c.o (__udivmodsi4)
C:/avr_toolchain/avr8-gnu-toolchain-win32_x86_64/bin/../lib/gcc/avr/15.1.0/avr5\libgcc.a(_exit.o)
                              C:/avr_toolchain/avr8-gnu-toolchain-win32_x86_64/bin/../lib/gcc/avr/15.1.0/../../../../avr/lib/avr5/crtatmega32.o (exit)
C:/avr_toolchain/avr8-gnu-toolchain-win32_x86_64/bin/../lib/gcc/avr/15.1.0/avr5\libgcc.a(_copy_data.o)
                              C:\Tas_2\debug\HAL\KEYPAD\KPD_Program.c.o (__do_copy_data)
C:/avr_toolchain/avr8-gnu-toolchain-win32_x86_64/bin/../lib/gcc/avr/15.1.0/avr5\libgcc.a(_clear_bss.o)
                              C:\Tas_2\debug\MCAL\EXTI\EXTI_Program.c.o (__do_clear_bss)
C:/avr_toolchain/avr8-gnu-toolchain-win32_x86_64/bin/../lib/gcc/avr/15.1.0/../../../../avr/lib/avr5\libc.a(sprintf.o)
                              C:\Tas_2\debug\HAL\LCD\LCD_program.c.o (sprintf)
C:/avr_toolchain/avr8-gnu-toolchain-win32_x86_64/bin/../lib/gcc/avr/15.1.0/../../../../avr/lib/avr5\libc.a(vfprintf_std.o)
                              C:/avr_toolchain/avr8-gnu-toolchain-win32_x86_64/bin/../lib/gcc/avr/15.1.0/../../../../avr/lib/avr5\libc.a(sprintf.o) (vfprintf)
C:/avr_toolchain/avr8-gnu-toolchain-win32_x86_64/bin/../lib/gcc/avr/15.1.0/../../../../avr/lib/avr5\libc.a(strnlen_P.o)
                              C:/avr_toolchain/avr8-gnu-toolchain-win32_x86_64/bin/../lib/gcc/avr/15.1.0/../../../../avr/lib/avr5\libc.a(vfprintf_std.o) (strnlen_P)
C:/avr_toolchain/avr8-gnu-toolchain-win32_x86_64/bin/../lib/gcc/avr/15.1.0/../../../../avr/lib/avr5\libc.a(strnlen.o)
                              C:/avr_toolchain/avr8-gnu-toolchain-win32_x86_64/bin/../lib/gcc/avr/15.1.0/../../../../avr/lib/avr5\libc.a(vfprintf_std.o) (strnlen)
C:/avr_toolchain/avr8-gnu-toolchain-win32_x86_64/bin/../lib/gcc/avr/15.1.0/../../../../avr/lib/avr5\libc.a(fputc.o)
                              C:/avr_toolchain/avr8-gnu-toolchain-win32_x86_64/bin/../lib/gcc/avr/15.1.0/../../../../avr/lib/avr5\libc.a(vfprintf_std.o) (fputc)
C:/avr_toolchain/avr8-gnu-toolchain-win32_x86_64/bin/../lib/gcc/avr/15.1.0/../../../../avr/lib/avr5\libc.a(ultoa_invert.o)
                              C:/avr_toolchain/avr8-gnu-toolchain-win32_x86_64/bin/../lib/gcc/avr/15.1.0/../../../../avr/lib/avr5\libc.a(vfprintf_std.o) (__ultoa_invert)
C:/avr_toolchain/avr8-gnu-toolchain-win32_x86_64/bin/../lib/gcc/avr/15.1.0/avr5\libgcc.a(_negsi2.o)
                              C:/avr_toolchain/avr8-gnu-toolchain-win32_x86_64/bin/../lib/gcc/avr/15.1.0/../../../../avr/lib/avr5\libc.a(vfprintf_std.o) (__negsi2)
C:/avr_toolchain/avr8-gnu-toolchain-win32_x86_64/bin/../lib/gcc/avr/15.1.0/avr5\libgcc.a(_prologue.o)
                              C:/avr_toolchain/avr8-gnu-toolchain-win32_x86_64/bin/../lib/gcc/avr/15.1.0/../../../../avr/lib/avr5\libc.a(sprintf.o) (__prologue_saves__)
C:/avr_toolchain/avr8-gnu-toolchain-win32_x86_64/bin/../lib/gcc/avr/15.1.0/avr5\libgcc.a(_epilogue.o)
                              C:/avr_toolchain/avr8-gnu-toolchain-win32_x86_64/bin/../lib/gcc/avr/15.1.0/../../../../avr/lib/avr5\libc.a(sprintf.o) (__epilogue_restores__)

Allocating common symbols
Common symbol       size              file

RX_Buffer           0x80              C:\Tas_2\debug\MCAL\UART\Uart_Program.c.o

There are no discarded input sections

Memory Configuration

Name             Origin             Length             Attributes
text             0x00000000         0x00008000         xr
data             0x00800060         0x00000800         rw!x
eeprom           0x00810000         0x00000400         rw!x
fuse             0x00820000         0x00000002         rw!x
lock             0x00830000         0x00000400         rw!x
signature        0x00840000         0x00000400         rw!x
user_signatures  0x00850000         0x00000400         rw!x
*default*        0x00000000         0xffffffff

Linker script and memory map

LOAD C:/avr_toolchain/avr8-gnu-toolchain-win32_x86_64/bin/../lib/gcc/avr/15.1.0/../../../../avr/lib/avr5/crtatmega32.o
LOAD C:\Tas_2\debug\HAL\DC_MOTOR\DC_MOTOR_Program.c.o
LOAD C:\Tas_2\debug\HAL\KEYPAD\KPD_Program.c.o
LOAD C:\Tas_2\debug\HAL\LCD\LCD_program.c.o
LOAD C:\Tas_2\debug\HAL\LED\LED_Program.c.o
LOAD C:\Tas_2\debug\main.c.o
LOAD C:\Tas_2\debug\MCAL\DIO\DIO_Program.c.o
LOAD C:\Tas_2\debug\MCAL\EXTI\EXTI_Program.c.o
LOAD C:\Tas_2\debug\MCAL\GIE\GIE_Programe.c.o
LOAD C:\Tas_2\debug\MCAL\TIMER0\Timer0_Program.c.o
LOAD C:\Tas_2\debug\MCAL\UART\Uart_Program.c.o
START GROUP
LOAD C:/avr_toolchain/avr8-gnu-toolchain-win32_x86_64/bin/../lib/gcc/avr/15.1.0/avr5\libgcc.a
LOAD C:/avr_toolchain/avr8-gnu-toolchain-win32_x86_64/bin/../lib/gcc/avr/15.1.0/../../../../avr/lib/avr5\libm.a
LOAD C:/avr_toolchain/avr8-gnu-toolchain-win32_x86_64/bin/../lib/gcc/avr/15.1.0/../../../../avr/lib/avr5\libc.a
LOAD C:/avr_toolchain/avr8-gnu-toolchain-win32_x86_64/bin/../lib/gcc/avr/15.1.0/../../../../avr/lib/avr5\libatmega32.a
END GROUP
                [0x00000000]                      __TEXT_REGION_ORIGIN__ = DEFINED (__TEXT_REGION_ORIGIN__)?__TEXT_REGION_ORIGIN__:0x0
                [0x00008000]                      __TEXT_REGION_LENGTH__ = DEFINED (__TEXT_REGION_LENGTH__)?__TEXT_REGION_LENGTH__:0x20000
                [0x00800060]                      __DATA_REGION_ORIGIN__ = DEFINED (__DATA_REGION_ORIGIN__)?__DATA_REGION_ORIGIN__:0x800060
                [0x00000800]                      __DATA_REGION_LENGTH__ = DEFINED (__DATA_REGION_LENGTH__)?__DATA_REGION_LENGTH__:0xffa0
                [0x00000400]                      __EEPROM_REGION_LENGTH__ = DEFINED (__EEPROM_REGION_LENGTH__)?__EEPROM_REGION_LENGTH__:0x10000
                [0x00000002]                      __FUSE_REGION_LENGTH__ = DEFINED (__FUSE_REGION_LENGTH__)?__FUSE_REGION_LENGTH__:0x400
                0x00000400                        __LOCK_REGION_LENGTH__ = DEFINED (__LOCK_REGION_LENGTH__)?__LOCK_REGION_LENGTH__:0x400
                0x00000400                        __SIGNATURE_REGION_LENGTH__ = DEFINED (__SIGNATURE_REGION_LENGTH__)?__SIGNATURE_REGION_LENGTH__:0x400
                0x00000400                        __USER_SIGNATURE_REGION_LENGTH__ = DEFINED (__USER_SIGNATURE_REGION_LENGTH__)?__USER_SIGNATURE_REGION_LENGTH__:0x400

.hash
 *(.hash)

.dynsym
 *(.dynsym)

.dynstr
 *(.dynstr)

.gnu.version
 *(.gnu.version)

.gnu.version_d
 *(.gnu.version_d)

.gnu.version_r
 *(.gnu.version_r)

.rel.init
 *(.rel.init)

.rela.init
 *(.rela.init)

.rel.text
 *(.rel.text)
 *(.rel.text.*)
 *(.rel.gnu.linkonce.t*)

.rela.text
 *(.rela.text)
 *(.rela.text.*)
 *(.rela.gnu.linkonce.t*)

.rel.fini
 *(.rel.fini)

.rela.fini
 *(.rela.fini)

.rel.rodata
 *(.rel.rodata)
 *(.rel.rodata.*)
 *(.rel.gnu.linkonce.r*)

.rela.rodata
 *(.rela.rodata)
 *(.rela.rodata.*)
 *(.rela.gnu.linkonce.r*)

.rel.data
 *(.rel.data)
 *(.rel.data.*)
 *(.rel.gnu.linkonce.d*)

.rela.data
 *(.rela.data)
 *(.rela.data.*)
 *(.rela.gnu.linkonce.d*)

.rel.ctors
 *(.rel.ctors)

.rela.ctors
 *(.rela.ctors)

.rel.dtors
 *(.rel.dtors)

.rela.dtors
 *(.rela.dtors)

.rel.got
 *(.rel.got)

.rela.got
 *(.rela.got)

.rel.bss
 *(.rel.bss)

.rela.bss
 *(.rela.bss)

.rel.plt
 *(.rel.plt)

.rela.plt
 *(.rela.plt)

.text           0x00000000     0x195c
 *(.vectors)
 .vectors       0x00000000       0x54 C:/avr_toolchain/avr8-gnu-toolchain-win32_x86_64/bin/../lib/gcc/avr/15.1.0/../../../../avr/lib/avr5/crtatmega32.o
                0x00000000                __vector_default
                0x00000000                __vectors
 *(.vectors)
 *(.progmem.gcc*)
                0x00000054                        . = ALIGN (0x2)
                0x00000054                        __trampolines_start = .
 *(.trampolines)
 .trampolines   0x00000054        0x0 linker stubs
 *(.trampolines*)
                0x00000054                        __trampolines_end = .
 *libprintf_flt.a:*(.progmem.data)
 *libc.a:*(.progmem.data)
 *(.progmem.*)
                0x00000054                        . = ALIGN (0x2)
 *(.lowtext)
 *(.lowtext*)
                0x00000054                        __ctors_start = .
 *(.ctors)
                0x00000054                        __ctors_end = .
                0x00000054                        __dtors_start = .
 *(.dtors)
                0x00000054                        __dtors_end = .
 SORT_BY_NAME(*)(.ctors)
 SORT_BY_NAME(*)(.dtors)
 *(.init0)
 .init0         0x00000054        0x0 C:/avr_toolchain/avr8-gnu-toolchain-win32_x86_64/bin/../lib/gcc/avr/15.1.0/../../../../avr/lib/avr5/crtatmega32.o
                0x00000054                __init
 *(.init0)
 *(.init1)
 *(.init1)
 *(.init2)
 .init2         0x00000054        0xc C:/avr_toolchain/avr8-gnu-toolchain-win32_x86_64/bin/../lib/gcc/avr/15.1.0/../../../../avr/lib/avr5/crtatmega32.o
 *(.init2)
 *(.init3)
 *(.init3)
 *(.init4)
 .init4         0x00000060       0x16 C:/avr_toolchain/avr8-gnu-toolchain-win32_x86_64/bin/../lib/gcc/avr/15.1.0/avr5\libgcc.a(_copy_data.o)
                0x00000060                __do_copy_data
 .init4         0x00000076       0x10 C:/avr_toolchain/avr8-gnu-toolchain-win32_x86_64/bin/../lib/gcc/avr/15.1.0/avr5\libgcc.a(_clear_bss.o)
                0x00000076                __do_clear_bss
 *(.init4)
 *(.init5)
 *(.init5)
 *(.init6)
 *(.init6)
 *(.init7)
 *(.init7)
 *(.init8)
 *(.init8)
 *(.init9)
 .init9         0x00000086        0x8 C:/avr_toolchain/avr8-gnu-toolchain-win32_x86_64/bin/../lib/gcc/avr/15.1.0/../../../../avr/lib/avr5/crtatmega32.o
 *(.init9)
 *(.text)
 .text          0x0000008e        0x4 C:/avr_toolchain/avr8-gnu-toolchain-win32_x86_64/bin/../lib/gcc/avr/15.1.0/../../../../avr/lib/avr5/crtatmega32.o
                0x0000008e                __vector_12
                0x0000008e                __bad_interrupt
                0x0000008e                __vector_6
                0x0000008e                __vector_17
                0x0000008e                __vector_19
                0x0000008e                __vector_7
                0x0000008e                __vector_5
                0x0000008e                __vector_4
                0x0000008e                __vector_9
                0x0000008e                __vector_8
                0x0000008e                __vector_16
                0x0000008e                __vector_18
                0x0000008e                __vector_20
 .text          0x00000092       0x88 C:\Tas_2\debug\HAL\DC_MOTOR\DC_MOTOR_Program.c.o
                0x00000092                DCM_Stop
                0x000000a8                DCM_Init
                0x000000c2                DCM_OpenGate
                0x000000ee                DCM_CloseGate
 .text          0x0000011a      0x16c C:\Tas_2\debug\HAL\KEYPAD\KPD_Program.c.o
                0x0000011a                KeyPad_Init
                0x00000194                KeyPad_Getpressedkey
 .text          0x00000286      0x374 C:\Tas_2\debug\HAL\LCD\LCD_program.c.o
                0x00000286                LCD_WriteData
                0x00000348                LCD_WriteInstruction
                0x0000040a                LCD_Init
                0x0000053a                LCD_WriteString
                0x00000580                LCD_GotoXY
                0x0000059a                LCD_WriteNumber
 .text          0x000005fa       0x3a C:\Tas_2\debug\HAL\LED\LED_Program.c.o
                0x000005fa                Led_Init
                0x00000602                Led_on
                0x0000061a                Led_off
 .text          0x00000634       0x88 C:\Tas_2\debug\main.c.o
                0x00000634                main
 .text          0x000006bc      0x354 C:\Tas_2\debug\MCAL\DIO\DIO_Program.c.o
                0x000006bc                DIO_InitPin
                0x000007b8                DIO_InitGroup
                0x000007dc                DIO_WritePin
                0x000008d8                DIO_WriteGroup
                0x000008fc                DIO_ReadPin
                0x00000970                DIO_ReadGroup
                0x000009a4                DIO_Toggle
 .text          0x00000a10      0x21c C:\Tas_2\debug\MCAL\EXTI\EXTI_Program.c.o
                0x00000a10                EXTI_Init
                0x00000aca                EXTI_Enable
                0x00000af0                EXTI_Disable
                0x00000b16                EXTI_CallBack
                0x00000b36                __vector_1
                0x00000b88                __vector_2
                0x00000bda                __vector_3
 .text          0x00000c2c       0x10 C:\Tas_2\debug\MCAL\GIE\GIE_Programe.c.o
                0x00000c2c                GIE_Enable
                0x00000c34                GIE_Disable
 .text          0x00000c3c      0x21e C:\Tas_2\debug\MCAL\TIMER0\Timer0_Program.c.o
                0x00000c3c                TIMER0_Init
                0x00000d28                TIMER0_Start
                0x00000d36                TIMER0_Stop
                0x00000d3e                TIMER0_SetPreload
                0x00000d42                TIMER0_SetCompare
                0x00000d46                TIMER0_SetCallBackFunction
                0x00000d72                TIMER0_SetPWMDutyCycle
                0x00000dbe                __vector_10
                0x00000e0c                __vector_11
 .text          0x00000e5a      0x4ac C:\Tas_2\debug\MCAL\UART\Uart_Program.c.o
                0x00000e5a                UART_SendBytePolling
                0x00000e80                UART_ReceiveBytePolling
                0x00000e98                UART_SendStringPolling
                0x00000ec2                UART_ReceiveStringPolling
                0x00000f08                UART_SendBufferPolling
                0x00000f46                UART_ReceiveByteInterrupt
                0x00000f84                UART_EnableRX
                0x00000f8c                UART_EnableTX
                0x00000f94                UART_DisableRX
                0x00000f9c                UART_DisableTX
                0x00000fa4                UART_SendByteInterrupt
                0x00000fa6                UART_EnableRXInterrupt
                0x00000fae                UART_EnableTXInterrupt
                0x00000fb6                UART_EnableREInterrupt
                0x00000fbe                UART_DisableRXInterrupt
                0x00000fc6                UART_DisableTXInterrupt
                0x00000fce                UART_DisableREInterrupt
                0x00000fd6                UART_Init
                0x000011ba                UART_SetRXCallback
                0x000011ce                UART_SetTXCallback
                0x000011e2                UART_SetRECallback
                0x000011f6                __vector_13
                0x00001262                __vector_15
                0x000012b4                __vector_14
 .text          0x00001306        0x0 C:/avr_toolchain/avr8-gnu-toolchain-win32_x86_64/bin/../lib/gcc/avr/15.1.0/avr5\libgcc.a(_umulhisi3.o)
 .text          0x00001306        0x0 C:/avr_toolchain/avr8-gnu-toolchain-win32_x86_64/bin/../lib/gcc/avr/15.1.0/avr5\libgcc.a(_udivmodsi4.o)
 .text          0x00001306        0x0 C:/avr_toolchain/avr8-gnu-toolchain-win32_x86_64/bin/../lib/gcc/avr/15.1.0/avr5\libgcc.a(_exit.o)
 .text          0x00001306        0x0 C:/avr_toolchain/avr8-gnu-toolchain-win32_x86_64/bin/../lib/gcc/avr/15.1.0/avr5\libgcc.a(_copy_data.o)
 .text          0x00001306        0x0 C:/avr_toolchain/avr8-gnu-toolchain-win32_x86_64/bin/../lib/gcc/avr/15.1.0/avr5\libgcc.a(_clear_bss.o)
 .text          0x00001306        0x0 C:/avr_toolchain/avr8-gnu-toolchain-win32_x86_64/bin/../lib/gcc/avr/15.1.0/../../../../avr/lib/avr5\libc.a(sprintf.o)
 .text          0x00001306        0x0 C:/avr_toolchain/avr8-gnu-toolchain-win32_x86_64/bin/../lib/gcc/avr/15.1.0/../../../../avr/lib/avr5\libc.a(vfprintf_std.o)
 .text          0x00001306        0x0 C:/avr_toolchain/avr8-gnu-toolchain-win32_x86_64/bin/../lib/gcc/avr/15.1.0/../../../../avr/lib/avr5\libc.a(strnlen_P.o)
 .text          0x00001306        0x0 C:/avr_toolchain/avr8-gnu-toolchain-win32_x86_64/bin/../lib/gcc/avr/15.1.0/../../../../avr/lib/avr5\libc.a(strnlen.o)
 .text          0x00001306        0x0 C:/avr_toolchain/avr8-gnu-toolchain-win32_x86_64/bin/../lib/gcc/avr/15.1.0/../../../../avr/lib/avr5\libc.a(fputc.o)
 .text          0x00001306        0x0 C:/avr_toolchain/avr8-gnu-toolchain-win32_x86_64/bin/../lib/gcc/avr/15.1.0/../../../../avr/lib/avr5\libc.a(ultoa_invert.o)
 .text          0x00001306        0x0 C:/avr_toolchain/avr8-gnu-toolchain-win32_x86_64/bin/../lib/gcc/avr/15.1.0/avr5\libgcc.a(_negsi2.o)
 .text          0x00001306        0x0 C:/avr_toolchain/avr8-gnu-toolchain-win32_x86_64/bin/../lib/gcc/avr/15.1.0/avr5\libgcc.a(_prologue.o)
 .text          0x00001306        0x0 C:/avr_toolchain/avr8-gnu-toolchain-win32_x86_64/bin/../lib/gcc/avr/15.1.0/avr5\libgcc.a(_epilogue.o)
                0x00001306                        . = ALIGN (0x2)
 *(.text.*)
 .text.libgcc.mul
                0x00001306       0x1e C:/avr_toolchain/avr8-gnu-toolchain-win32_x86_64/bin/../lib/gcc/avr/15.1.0/avr5\libgcc.a(_umulhisi3.o)
                0x00001306                __umulhisi3
 .text.libgcc.div
                0x00001324        0x0 C:/avr_toolchain/avr8-gnu-toolchain-win32_x86_64/bin/../lib/gcc/avr/15.1.0/avr5\libgcc.a(_umulhisi3.o)
 .text.libgcc   0x00001324        0x0 C:/avr_toolchain/avr8-gnu-toolchain-win32_x86_64/bin/../lib/gcc/avr/15.1.0/avr5\libgcc.a(_umulhisi3.o)
 .text.libgcc.prologue
                0x00001324        0x0 C:/avr_toolchain/avr8-gnu-toolchain-win32_x86_64/bin/../lib/gcc/avr/15.1.0/avr5\libgcc.a(_umulhisi3.o)
 .text.libgcc.builtins
                0x00001324        0x0 C:/avr_toolchain/avr8-gnu-toolchain-win32_x86_64/bin/../lib/gcc/avr/15.1.0/avr5\libgcc.a(_umulhisi3.o)
 .text.libgcc.fmul
                0x00001324        0x0 C:/avr_toolchain/avr8-gnu-toolchain-win32_x86_64/bin/../lib/gcc/avr/15.1.0/avr5\libgcc.a(_umulhisi3.o)
 .text.libgcc.fixed
                0x00001324        0x0 C:/avr_toolchain/avr8-gnu-toolchain-win32_x86_64/bin/../lib/gcc/avr/15.1.0/avr5\libgcc.a(_umulhisi3.o)
 .text.libgcc.mul
                0x00001324        0x0 C:/avr_toolchain/avr8-gnu-toolchain-win32_x86_64/bin/../lib/gcc/avr/15.1.0/avr5\libgcc.a(_udivmodsi4.o)
 .text.libgcc.div
                0x00001324       0x44 C:/avr_toolchain/avr8-gnu-toolchain-win32_x86_64/bin/../lib/gcc/avr/15.1.0/avr5\libgcc.a(_udivmodsi4.o)
                0x00001324                __udivmodsi4
 .text.libgcc   0x00001368        0x0 C:/avr_toolchain/avr8-gnu-toolchain-win32_x86_64/bin/../lib/gcc/avr/15.1.0/avr5\libgcc.a(_udivmodsi4.o)
 .text.libgcc.prologue
                0x00001368        0x0 C:/avr_toolchain/avr8-gnu-toolchain-win32_x86_64/bin/../lib/gcc/avr/15.1.0/avr5\libgcc.a(_udivmodsi4.o)
 .text.libgcc.builtins
                0x00001368        0x0 C:/avr_toolchain/avr8-gnu-toolchain-win32_x86_64/bin/../lib/gcc/avr/15.1.0/avr5\libgcc.a(_udivmodsi4.o)
 .text.libgcc.fmul
                0x00001368        0x0 C:/avr_toolchain/avr8-gnu-toolchain-win32_x86_64/bin/../lib/gcc/avr/15.1.0/avr5\libgcc.a(_udivmodsi4.o)
 .text.libgcc.fixed
                0x00001368        0x0 C:/avr_toolchain/avr8-gnu-toolchain-win32_x86_64/bin/../lib/gcc/avr/15.1.0/avr5\libgcc.a(_udivmodsi4.o)
 .text.libgcc.mul
                0x00001368        0x0 C:/avr_toolchain/avr8-gnu-toolchain-win32_x86_64/bin/../lib/gcc/avr/15.1.0/avr5\libgcc.a(_exit.o)
 .text.libgcc.div
                0x00001368        0x0 C:/avr_toolchain/avr8-gnu-toolchain-win32_x86_64/bin/../lib/gcc/avr/15.1.0/avr5\libgcc.a(_exit.o)
 .text.libgcc   0x00001368        0x0 C:/avr_toolchain/avr8-gnu-toolchain-win32_x86_64/bin/../lib/gcc/avr/15.1.0/avr5\libgcc.a(_exit.o)
 .text.libgcc.prologue
                0x00001368        0x0 C:/avr_toolchain/avr8-gnu-toolchain-win32_x86_64/bin/../lib/gcc/avr/15.1.0/avr5\libgcc.a(_exit.o)
 .text.libgcc.builtins
                0x00001368        0x0 C:/avr_toolchain/avr8-gnu-toolchain-win32_x86_64/bin/../lib/gcc/avr/15.1.0/avr5\libgcc.a(_exit.o)
 .text.libgcc.fmul
                0x00001368        0x0 C:/avr_toolchain/avr8-gnu-toolchain-win32_x86_64/bin/../lib/gcc/avr/15.1.0/avr5\libgcc.a(_exit.o)
 .text.libgcc.fixed
                0x00001368        0x0 C:/avr_toolchain/avr8-gnu-toolchain-win32_x86_64/bin/../lib/gcc/avr/15.1.0/avr5\libgcc.a(_exit.o)
 .text.libgcc.mul
                0x00001368        0x0 C:/avr_toolchain/avr8-gnu-toolchain-win32_x86_64/bin/../lib/gcc/avr/15.1.0/avr5\libgcc.a(_copy_data.o)
 .text.libgcc.div
                0x00001368        0x0 C:/avr_toolchain/avr8-gnu-toolchain-win32_x86_64/bin/../lib/gcc/avr/15.1.0/avr5\libgcc.a(_copy_data.o)
 .text.libgcc   0x00001368        0x0 C:/avr_toolchain/avr8-gnu-toolchain-win32_x86_64/bin/../lib/gcc/avr/15.1.0/avr5\libgcc.a(_copy_data.o)
 .text.libgcc.prologue
                0x00001368        0x0 C:/avr_toolchain/avr8-gnu-toolchain-win32_x86_64/bin/../lib/gcc/avr/15.1.0/avr5\libgcc.a(_copy_data.o)
 .text.libgcc.builtins
                0x00001368        0x0 C:/avr_toolchain/avr8-gnu-toolchain-win32_x86_64/bin/../lib/gcc/avr/15.1.0/avr5\libgcc.a(_copy_data.o)
 .text.libgcc.fmul
                0x00001368        0x0 C:/avr_toolchain/avr8-gnu-toolchain-win32_x86_64/bin/../lib/gcc/avr/15.1.0/avr5\libgcc.a(_copy_data.o)
 .text.libgcc.fixed
                0x00001368        0x0 C:/avr_toolchain/avr8-gnu-toolchain-win32_x86_64/bin/../lib/gcc/avr/15.1.0/avr5\libgcc.a(_copy_data.o)
 .text.libgcc.mul
                0x00001368        0x0 C:/avr_toolchain/avr8-gnu-toolchain-win32_x86_64/bin/../lib/gcc/avr/15.1.0/avr5\libgcc.a(_clear_bss.o)
 .text.libgcc.div
                0x00001368        0x0 C:/avr_toolchain/avr8-gnu-toolchain-win32_x86_64/bin/../lib/gcc/avr/15.1.0/avr5\libgcc.a(_clear_bss.o)
 .text.libgcc   0x00001368        0x0 C:/avr_toolchain/avr8-gnu-toolchain-win32_x86_64/bin/../lib/gcc/avr/15.1.0/avr5\libgcc.a(_clear_bss.o)
 .text.libgcc.prologue
                0x00001368        0x0 C:/avr_toolchain/avr8-gnu-toolchain-win32_x86_64/bin/../lib/gcc/avr/15.1.0/avr5\libgcc.a(_clear_bss.o)
 .text.libgcc.builtins
                0x00001368        0x0 C:/avr_toolchain/avr8-gnu-toolchain-win32_x86_64/bin/../lib/gcc/avr/15.1.0/avr5\libgcc.a(_clear_bss.o)
 .text.libgcc.fmul
                0x00001368        0x0 C:/avr_toolchain/avr8-gnu-toolchain-win32_x86_64/bin/../lib/gcc/avr/15.1.0/avr5\libgcc.a(_clear_bss.o)
 .text.libgcc.fixed
                0x00001368        0x0 C:/avr_toolchain/avr8-gnu-toolchain-win32_x86_64/bin/../lib/gcc/avr/15.1.0/avr5\libgcc.a(_clear_bss.o)
 .text.avr-libc
                0x00001368       0x48 C:/avr_toolchain/avr8-gnu-toolchain-win32_x86_64/bin/../lib/gcc/avr/15.1.0/../../../../avr/lib/avr5\libc.a(sprintf.o)
                0x00001368                sprintf
 .text.avr-libc
                0x000013b0      0x3e2 C:/avr_toolchain/avr8-gnu-toolchain-win32_x86_64/bin/../lib/gcc/avr/15.1.0/../../../../avr/lib/avr5\libc.a(vfprintf_std.o)
                0x000013b0                vfprintf
 .text.avr-libc
                0x00001792       0x16 C:/avr_toolchain/avr8-gnu-toolchain-win32_x86_64/bin/../lib/gcc/avr/15.1.0/../../../../avr/lib/avr5\libc.a(strnlen_P.o)
                0x00001792                strnlen_P
 .text.avr-libc
                0x000017a8       0x16 C:/avr_toolchain/avr8-gnu-toolchain-win32_x86_64/bin/../lib/gcc/avr/15.1.0/../../../../avr/lib/avr5\libc.a(strnlen.o)
                0x000017a8                strnlen
 .text.avr-libc
                0x000017be       0x60 C:/avr_toolchain/avr8-gnu-toolchain-win32_x86_64/bin/../lib/gcc/avr/15.1.0/../../../../avr/lib/avr5\libc.a(fputc.o)
                0x000017be                fputc
 .text.avr-libc
                0x0000181e       0xbc C:/avr_toolchain/avr8-gnu-toolchain-win32_x86_64/bin/../lib/gcc/avr/15.1.0/../../../../avr/lib/avr5\libc.a(ultoa_invert.o)
                0x0000181e                __ultoa_invert
 .text.libgcc.mul
                0x000018da        0x0 C:/avr_toolchain/avr8-gnu-toolchain-win32_x86_64/bin/../lib/gcc/avr/15.1.0/avr5\libgcc.a(_negsi2.o)
 .text.libgcc.div
                0x000018da       0x10 C:/avr_toolchain/avr8-gnu-toolchain-win32_x86_64/bin/../lib/gcc/avr/15.1.0/avr5\libgcc.a(_negsi2.o)
                0x000018da                __negsi2
 .text.libgcc   0x000018ea        0x0 C:/avr_toolchain/avr8-gnu-toolchain-win32_x86_64/bin/../lib/gcc/avr/15.1.0/avr5\libgcc.a(_negsi2.o)
 .text.libgcc.prologue
                0x000018ea        0x0 C:/avr_toolchain/avr8-gnu-toolchain-win32_x86_64/bin/../lib/gcc/avr/15.1.0/avr5\libgcc.a(_negsi2.o)
 .text.libgcc.builtins
                0x000018ea        0x0 C:/avr_toolchain/avr8-gnu-toolchain-win32_x86_64/bin/../lib/gcc/avr/15.1.0/avr5\libgcc.a(_negsi2.o)
 .text.libgcc.fmul
                0x000018ea        0x0 C:/avr_toolchain/avr8-gnu-toolchain-win32_x86_64/bin/../lib/gcc/avr/15.1.0/avr5\libgcc.a(_negsi2.o)
 .text.libgcc.fixed
                0x000018ea        0x0 C:/avr_toolchain/avr8-gnu-toolchain-win32_x86_64/bin/../lib/gcc/avr/15.1.0/avr5\libgcc.a(_negsi2.o)
 .text.libgcc.mul
                0x000018ea        0x0 C:/avr_toolchain/avr8-gnu-toolchain-win32_x86_64/bin/../lib/gcc/avr/15.1.0/avr5\libgcc.a(_prologue.o)
 .text.libgcc.div
                0x000018ea        0x0 C:/avr_toolchain/avr8-gnu-toolchain-win32_x86_64/bin/../lib/gcc/avr/15.1.0/avr5\libgcc.a(_prologue.o)
 .text.libgcc   0x000018ea        0x0 C:/avr_toolchain/avr8-gnu-toolchain-win32_x86_64/bin/../lib/gcc/avr/15.1.0/avr5\libgcc.a(_prologue.o)
 .text.libgcc.prologue
                0x000018ea       0x38 C:/avr_toolchain/avr8-gnu-toolchain-win32_x86_64/bin/../lib/gcc/avr/15.1.0/avr5\libgcc.a(_prologue.o)
                0x000018ea                __prologue_saves__
 .text.libgcc.builtins
                0x00001922        0x0 C:/avr_toolchain/avr8-gnu-toolchain-win32_x86_64/bin/../lib/gcc/avr/15.1.0/avr5\libgcc.a(_prologue.o)
 .text.libgcc.fmul
                0x00001922        0x0 C:/avr_toolchain/avr8-gnu-toolchain-win32_x86_64/bin/../lib/gcc/avr/15.1.0/avr5\libgcc.a(_prologue.o)
 .text.libgcc.fixed
                0x00001922        0x0 C:/avr_toolchain/avr8-gnu-toolchain-win32_x86_64/bin/../lib/gcc/avr/15.1.0/avr5\libgcc.a(_prologue.o)
 .text.libgcc.mul
                0x00001922        0x0 C:/avr_toolchain/avr8-gnu-toolchain-win32_x86_64/bin/../lib/gcc/avr/15.1.0/avr5\libgcc.a(_epilogue.o)
 .text.libgcc.div
                0x00001922        0x0 C:/avr_toolchain/avr8-gnu-toolchain-win32_x86_64/bin/../lib/gcc/avr/15.1.0/avr5\libgcc.a(_epilogue.o)
 .text.libgcc   0x00001922        0x0 C:/avr_toolchain/avr8-gnu-toolchain-win32_x86_64/bin/../lib/gcc/avr/15.1.0/avr5\libgcc.a(_epilogue.o)
 .text.libgcc.prologue
                0x00001922       0x36 C:/avr_toolchain/avr8-gnu-toolchain-win32_x86_64/bin/../lib/gcc/avr/15.1.0/avr5\libgcc.a(_epilogue.o)
                0x00001922                __epilogue_restores__
 .text.libgcc.builtins
                0x00001958        0x0 C:/avr_toolchain/avr8-gnu-toolchain-win32_x86_64/bin/../lib/gcc/avr/15.1.0/avr5\libgcc.a(_epilogue.o)
 .text.libgcc.fmul
                0x00001958        0x0 C:/avr_toolchain/avr8-gnu-toolchain-win32_x86_64/bin/../lib/gcc/avr/15.1.0/avr5\libgcc.a(_epilogue.o)
 .text.libgcc.fixed
                0x00001958        0x0 C:/avr_toolchain/avr8-gnu-toolchain-win32_x86_64/bin/../lib/gcc/avr/15.1.0/avr5\libgcc.a(_epilogue.o)
                0x00001958                        . = ALIGN (0x2)
 *(.fini9)
 .fini9         0x00001958        0x0 C:/avr_toolchain/avr8-gnu-toolchain-win32_x86_64/bin/../lib/gcc/avr/15.1.0/avr5\libgcc.a(_exit.o)
                0x00001958                _exit
                0x00001958                exit
 *(.fini9)
 *(.fini8)
 *(.fini8)
 *(.fini7)
 *(.fini7)
 *(.fini6)
 *(.fini6)
 *(.fini5)
 *(.fini5)
 *(.fini4)
 *(.fini4)
 *(.fini3)
 *(.fini3)
 *(.fini2)
 *(.fini2)
 *(.fini1)
 *(.fini1)
 *(.fini0)
 .fini0         0x00001958        0x4 C:/avr_toolchain/avr8-gnu-toolchain-win32_x86_64/bin/../lib/gcc/avr/15.1.0/avr5\libgcc.a(_exit.o)
 *(.fini0)
 *(.hightext)
 *(.hightext*)
 *(.progmemx.*)
                0x0000195c                        . = ALIGN (0x2)
 *(.jumptables)
 *(.jumptables*)
                0x0000195c                        _etext = .

.data           0x00800060       0x2a load address 0x0000195c
                0x00800060                        PROVIDE (__data_start = .)
 *(.data)
 .data          0x00800060        0x0 C:/avr_toolchain/avr8-gnu-toolchain-win32_x86_64/bin/../lib/gcc/avr/15.1.0/../../../../avr/lib/avr5/crtatmega32.o
 .data          0x00800060        0x0 C:\Tas_2\debug\HAL\DC_MOTOR\DC_MOTOR_Program.c.o
 .data          0x00800060        0x0 C:\Tas_2\debug\HAL\KEYPAD\KPD_Program.c.o
 .data          0x00800060        0x0 C:\Tas_2\debug\HAL\LCD\LCD_program.c.o
 .data          0x00800060        0x0 C:\Tas_2\debug\HAL\LED\LED_Program.c.o
 .data          0x00800060        0x0 C:\Tas_2\debug\main.c.o
 .data          0x00800060        0x0 C:\Tas_2\debug\MCAL\DIO\DIO_Program.c.o
 .data          0x00800060        0x0 C:\Tas_2\debug\MCAL\EXTI\EXTI_Program.c.o
 .data          0x00800060        0x0 C:\Tas_2\debug\MCAL\GIE\GIE_Programe.c.o
 .data          0x00800060        0x0 C:\Tas_2\debug\MCAL\TIMER0\Timer0_Program.c.o
 .data          0x00800060        0x0 C:\Tas_2\debug\MCAL\UART\Uart_Program.c.o
 .data          0x00800060        0x0 C:/avr_toolchain/avr8-gnu-toolchain-win32_x86_64/bin/../lib/gcc/avr/15.1.0/avr5\libgcc.a(_umulhisi3.o)
 .data          0x00800060        0x0 C:/avr_toolchain/avr8-gnu-toolchain-win32_x86_64/bin/../lib/gcc/avr/15.1.0/avr5\libgcc.a(_udivmodsi4.o)
 .data          0x00800060        0x0 C:/avr_toolchain/avr8-gnu-toolchain-win32_x86_64/bin/../lib/gcc/avr/15.1.0/avr5\libgcc.a(_exit.o)
 .data          0x00800060        0x0 C:/avr_toolchain/avr8-gnu-toolchain-win32_x86_64/bin/../lib/gcc/avr/15.1.0/avr5\libgcc.a(_copy_data.o)
 .data          0x00800060        0x0 C:/avr_toolchain/avr8-gnu-toolchain-win32_x86_64/bin/../lib/gcc/avr/15.1.0/avr5\libgcc.a(_clear_bss.o)
 .data          0x00800060        0x0 C:/avr_toolchain/avr8-gnu-toolchain-win32_x86_64/bin/../lib/gcc/avr/15.1.0/../../../../avr/lib/avr5\libc.a(sprintf.o)
 .data          0x00800060        0x0 C:/avr_toolchain/avr8-gnu-toolchain-win32_x86_64/bin/../lib/gcc/avr/15.1.0/../../../../avr/lib/avr5\libc.a(vfprintf_std.o)
 .data          0x00800060        0x0 C:/avr_toolchain/avr8-gnu-toolchain-win32_x86_64/bin/../lib/gcc/avr/15.1.0/../../../../avr/lib/avr5\libc.a(strnlen_P.o)
 .data          0x00800060        0x0 C:/avr_toolchain/avr8-gnu-toolchain-win32_x86_64/bin/../lib/gcc/avr/15.1.0/../../../../avr/lib/avr5\libc.a(strnlen.o)
 .data          0x00800060        0x0 C:/avr_toolchain/avr8-gnu-toolchain-win32_x86_64/bin/../lib/gcc/avr/15.1.0/../../../../avr/lib/avr5\libc.a(fputc.o)
 .data          0x00800060        0x0 C:/avr_toolchain/avr8-gnu-toolchain-win32_x86_64/bin/../lib/gcc/avr/15.1.0/../../../../avr/lib/avr5\libc.a(ultoa_invert.o)
 .data          0x00800060        0x0 C:/avr_toolchain/avr8-gnu-toolchain-win32_x86_64/bin/../lib/gcc/avr/15.1.0/avr5\libgcc.a(_negsi2.o)
 .data          0x00800060        0x0 C:/avr_toolchain/avr8-gnu-toolchain-win32_x86_64/bin/../lib/gcc/avr/15.1.0/avr5\libgcc.a(_prologue.o)
 .data          0x00800060        0x0 C:/avr_toolchain/avr8-gnu-toolchain-win32_x86_64/bin/../lib/gcc/avr/15.1.0/avr5\libgcc.a(_epilogue.o)
 *(.data*)
 *(.gnu.linkonce.d*)
 *(.rodata)
 .rodata        0x00800060       0x20 C:\Tas_2\debug\HAL\KEYPAD\KPD_Program.c.o
 .rodata        0x00800080        0x5 C:\Tas_2\debug\main.c.o
 *(.rodata*)
 .rodata.str1.1
                0x00800085        0x4 C:\Tas_2\debug\HAL\LCD\LCD_program.c.o
 *(.gnu.linkonce.r*)
                0x0080008a                        . = ALIGN (0x2)
 *fill*         0x00800089        0x1 
                0x0080008a                        _edata = .
                0x0080008a                        PROVIDE (__data_end = .)

.bss            0x0080008a       0x9e
                0x0080008a                        PROVIDE (__bss_start = .)
 *(.bss)
 .bss           0x0080008a        0x0 C:/avr_toolchain/avr8-gnu-toolchain-win32_x86_64/bin/../lib/gcc/avr/15.1.0/../../../../avr/lib/avr5/crtatmega32.o
 .bss           0x0080008a        0x0 C:\Tas_2\debug\HAL\DC_MOTOR\DC_MOTOR_Program.c.o
 .bss           0x0080008a        0x0 C:\Tas_2\debug\HAL\KEYPAD\KPD_Program.c.o
 .bss           0x0080008a        0x0 C:\Tas_2\debug\HAL\LCD\LCD_program.c.o
 .bss           0x0080008a        0x0 C:\Tas_2\debug\HAL\LED\LED_Program.c.o
 .bss           0x0080008a        0x0 C:\Tas_2\debug\main.c.o
 .bss           0x0080008a        0x0 C:\Tas_2\debug\MCAL\DIO\DIO_Program.c.o
 .bss           0x0080008a        0x6 C:\Tas_2\debug\MCAL\EXTI\EXTI_Program.c.o
 .bss           0x00800090        0x0 C:\Tas_2\debug\MCAL\GIE\GIE_Programe.c.o
 .bss           0x00800090        0x5 C:\Tas_2\debug\MCAL\TIMER0\Timer0_Program.c.o
 .bss           0x00800095       0x13 C:\Tas_2\debug\MCAL\UART\Uart_Program.c.o
                0x00800095                RX_rear
                0x00800096                RX_front
 .bss           0x008000a8        0x0 C:/avr_toolchain/avr8-gnu-toolchain-win32_x86_64/bin/../lib/gcc/avr/15.1.0/avr5\libgcc.a(_umulhisi3.o)
 .bss           0x008000a8        0x0 C:/avr_toolchain/avr8-gnu-toolchain-win32_x86_64/bin/../lib/gcc/avr/15.1.0/avr5\libgcc.a(_udivmodsi4.o)
 .bss           0x008000a8        0x0 C:/avr_toolchain/avr8-gnu-toolchain-win32_x86_64/bin/../lib/gcc/avr/15.1.0/avr5\libgcc.a(_exit.o)
 .bss           0x008000a8        0x0 C:/avr_toolchain/avr8-gnu-toolchain-win32_x86_64/bin/../lib/gcc/avr/15.1.0/avr5\libgcc.a(_copy_data.o)
 .bss           0x008000a8        0x0 C:/avr_toolchain/avr8-gnu-toolchain-win32_x86_64/bin/../lib/gcc/avr/15.1.0/avr5\libgcc.a(_clear_bss.o)
 .bss           0x008000a8        0x0 C:/avr_toolchain/avr8-gnu-toolchain-win32_x86_64/bin/../lib/gcc/avr/15.1.0/../../../../avr/lib/avr5\libc.a(sprintf.o)
 .bss           0x008000a8        0x0 C:/avr_toolchain/avr8-gnu-toolchain-win32_x86_64/bin/../lib/gcc/avr/15.1.0/../../../../avr/lib/avr5\libc.a(vfprintf_std.o)
 .bss           0x008000a8        0x0 C:/avr_toolchain/avr8-gnu-toolchain-win32_x86_64/bin/../lib/gcc/avr/15.1.0/../../../../avr/lib/avr5\libc.a(strnlen_P.o)
 .bss           0x008000a8        0x0 C:/avr_toolchain/avr8-gnu-toolchain-win32_x86_64/bin/../lib/gcc/avr/15.1.0/../../../../avr/lib/avr5\libc.a(strnlen.o)
 .bss           0x008000a8        0x0 C:/avr_toolchain/avr8-gnu-toolchain-win32_x86_64/bin/../lib/gcc/avr/15.1.0/../../../../avr/lib/avr5\libc.a(fputc.o)
 .bss           0x008000a8        0x0 C:/avr_toolchain/avr8-gnu-toolchain-win32_x86_64/bin/../lib/gcc/avr/15.1.0/../../../../avr/lib/avr5\libc.a(ultoa_invert.o)
 .bss           0x008000a8        0x0 C:/avr_toolchain/avr8-gnu-toolchain-win32_x86_64/bin/../lib/gcc/avr/15.1.0/avr5\libgcc.a(_negsi2.o)
 .bss           0x008000a8        0x0 C:/avr_toolchain/avr8-gnu-toolchain-win32_x86_64/bin/../lib/gcc/avr/15.1.0/avr5\libgcc.a(_prologue.o)
 .bss           0x008000a8        0x0 C:/avr_toolchain/avr8-gnu-toolchain-win32_x86_64/bin/../lib/gcc/avr/15.1.0/avr5\libgcc.a(_epilogue.o)
 *(.bss*)
 *(COMMON)
 COMMON         0x008000a8       0x80 C:\Tas_2\debug\MCAL\UART\Uart_Program.c.o
                0x008000a8                RX_Buffer
                0x00800128                        PROVIDE (__bss_end = .)
                0x0000195c                        __data_load_start = LOADADDR (.data)
                0x00001986                        __data_load_end = (__data_load_start + SIZEOF (.data))

.noinit         0x00800128        0x0
                [!provide]                        PROVIDE (__noinit_start = .)
 *(.noinit .noinit.* .gnu.linkonce.n.*)
                [!provide]                        PROVIDE (__noinit_end = .)
                0x00800128                        _end = .
                [!provide]                        PROVIDE (__heap_start = .)
                0x00000000                        __flmap_init_label = DEFINED (__flmap_noinit_start)?__flmap_noinit_start:0x0
                0x00000000                        __flmap = DEFINED (__flmap)?__flmap:0x0

.eeprom         0x00810000        0x0
 *(.eeprom*)
                0x00810000                        __eeprom_end = .

.fuse
 *(.fuse)
 *(.lfuse)
 *(.hfuse)
 *(.efuse)

.lock
 *(.lock*)

.signature
 *(.signature*)

.stab
 *(.stab)

.stabstr
 *(.stabstr)

.stab.excl
 *(.stab.excl)

.stab.exclstr
 *(.stab.exclstr)

.stab.index
 *(.stab.index)

.stab.indexstr
 *(.stab.indexstr)

.comment        0x00000000       0x5c
 *(.comment)
 .comment       0x00000000       0x5c C:\Tas_2\debug\HAL\DC_MOTOR\DC_MOTOR_Program.c.o
                                 0x30 (size before relaxing)
 .comment       0x0000005c       0x30 C:\Tas_2\debug\HAL\KEYPAD\KPD_Program.c.o
 .comment       0x0000005c       0x30 C:\Tas_2\debug\HAL\LCD\LCD_program.c.o
 .comment       0x0000005c       0x30 C:\Tas_2\debug\HAL\LED\LED_Program.c.o
 .comment       0x0000005c       0x30 C:\Tas_2\debug\main.c.o
 .comment       0x0000005c       0x30 C:\Tas_2\debug\MCAL\DIO\DIO_Program.c.o
 .comment       0x0000005c       0x30 C:\Tas_2\debug\MCAL\EXTI\EXTI_Program.c.o
 .comment       0x0000005c       0x30 C:\Tas_2\debug\MCAL\GIE\GIE_Programe.c.o
 .comment       0x0000005c       0x30 C:\Tas_2\debug\MCAL\TIMER0\Timer0_Program.c.o
 .comment       0x0000005c       0x30 C:\Tas_2\debug\MCAL\UART\Uart_Program.c.o
 .comment       0x0000005c       0x30 C:/avr_toolchain/avr8-gnu-toolchain-win32_x86_64/bin/../lib/gcc/avr/15.1.0/../../../../avr/lib/avr5\libc.a(sprintf.o)
 .comment       0x0000005c       0x2e C:/avr_toolchain/avr8-gnu-toolchain-win32_x86_64/bin/../lib/gcc/avr/15.1.0/../../../../avr/lib/avr5\libc.a(vfprintf_std.o)
 .comment       0x0000005c       0x30 C:/avr_toolchain/avr8-gnu-toolchain-win32_x86_64/bin/../lib/gcc/avr/15.1.0/../../../../avr/lib/avr5\libc.a(fputc.o)

.note.gnu.avr.deviceinfo
                0x00000000       0x3c
 .note.gnu.avr.deviceinfo
                0x00000000       0x3c C:/avr_toolchain/avr8-gnu-toolchain-win32_x86_64/bin/../lib/gcc/avr/15.1.0/../../../../avr/lib/avr5/crtatmega32.o

.gnu.build.attributes
 *(.gnu.build.attributes .gnu.build.attributes.*)

.note.gnu.build-id
 *(.note.gnu.build-id)

.debug
 *(.debug)

.line
 *(.line)

.debug_srcinfo
 *(.debug_srcinfo)

.debug_sfnames
 *(.debug_sfnames)

.debug_aranges  0x00000000      0x140
 *(.debug_aranges)
 .debug_aranges
                0x00000000       0x20 C:\Tas_2\debug\HAL\DC_MOTOR\DC_MOTOR_Program.c.o
 .debug_aranges
                0x00000020       0x20 C:\Tas_2\debug\HAL\KEYPAD\KPD_Program.c.o
 .debug_aranges
                0x00000040       0x20 C:\Tas_2\debug\HAL\LCD\LCD_program.c.o
 .debug_aranges
                0x00000060       0x20 C:\Tas_2\debug\HAL\LED\LED_Program.c.o
 .debug_aranges
                0x00000080       0x20 C:\Tas_2\debug\main.c.o
 .debug_aranges
                0x000000a0       0x20 C:\Tas_2\debug\MCAL\DIO\DIO_Program.c.o
 .debug_aranges
                0x000000c0       0x20 C:\Tas_2\debug\MCAL\EXTI\EXTI_Program.c.o
 .debug_aranges
                0x000000e0       0x20 C:\Tas_2\debug\MCAL\GIE\GIE_Programe.c.o
 .debug_aranges
                0x00000100       0x20 C:\Tas_2\debug\MCAL\TIMER0\Timer0_Program.c.o
 .debug_aranges
                0x00000120       0x20 C:\Tas_2\debug\MCAL\UART\Uart_Program.c.o

.debug_pubnames
 *(.debug_pubnames)

.debug_info     0x00000000     0x2867
 *(.debug_info .gnu.linkonce.wi.*)
 .debug_info    0x00000000      0x4e6 C:/avr_toolchain/avr8-gnu-toolchain-win32_x86_64/bin/../lib/gcc/avr/15.1.0/../../../../avr/lib/avr5/crtatmega32.o
 .debug_info    0x000004e6      0x2d3 C:\Tas_2\debug\HAL\DC_MOTOR\DC_MOTOR_Program.c.o
 .debug_info    0x000007b9      0x3db C:\Tas_2\debug\HAL\KEYPAD\KPD_Program.c.o
 .debug_info    0x00000b94      0xc3e C:\Tas_2\debug\HAL\LCD\LCD_program.c.o
 .debug_info    0x000017d2      0x1de C:\Tas_2\debug\HAL\LED\LED_Program.c.o
 .debug_info    0x000019b0      0x2c4 C:\Tas_2\debug\main.c.o
 .debug_info    0x00001c74      0x207 C:\Tas_2\debug\MCAL\DIO\DIO_Program.c.o
 .debug_info    0x00001e7b      0x17b C:\Tas_2\debug\MCAL\EXTI\EXTI_Program.c.o
 .debug_info    0x00001ff6       0x8b C:\Tas_2\debug\MCAL\GIE\GIE_Programe.c.o
 .debug_info    0x00002081      0x22e C:\Tas_2\debug\MCAL\TIMER0\Timer0_Program.c.o
 .debug_info    0x000022af      0x5b8 C:\Tas_2\debug\MCAL\UART\Uart_Program.c.o

.debug_abbrev   0x00000000     0x1002
 *(.debug_abbrev)
 .debug_abbrev  0x00000000      0x4a3 C:/avr_toolchain/avr8-gnu-toolchain-win32_x86_64/bin/../lib/gcc/avr/15.1.0/../../../../avr/lib/avr5/crtatmega32.o
 .debug_abbrev  0x000004a3      0x111 C:\Tas_2\debug\HAL\DC_MOTOR\DC_MOTOR_Program.c.o
 .debug_abbrev  0x000005b4      0x160 C:\Tas_2\debug\HAL\KEYPAD\KPD_Program.c.o
 .debug_abbrev  0x00000714      0x1b7 C:\Tas_2\debug\HAL\LCD\LCD_program.c.o
 .debug_abbrev  0x000008cb       0xc8 C:\Tas_2\debug\HAL\LED\LED_Program.c.o
 .debug_abbrev  0x00000993      0x13d C:\Tas_2\debug\main.c.o
 .debug_abbrev  0x00000ad0       0x9f C:\Tas_2\debug\MCAL\DIO\DIO_Program.c.o
 .debug_abbrev  0x00000b6f       0xe4 C:\Tas_2\debug\MCAL\EXTI\EXTI_Program.c.o
 .debug_abbrev  0x00000c53       0x52 C:\Tas_2\debug\MCAL\GIE\GIE_Programe.c.o
 .debug_abbrev  0x00000ca5      0x139 C:\Tas_2\debug\MCAL\TIMER0\Timer0_Program.c.o
 .debug_abbrev  0x00000dde      0x224 C:\Tas_2\debug\MCAL\UART\Uart_Program.c.o

.debug_line     0x00000000     0x28b8
 *(.debug_line .debug_line.* .debug_line_end)
 .debug_line    0x00000000       0x1d C:/avr_toolchain/avr8-gnu-toolchain-win32_x86_64/bin/../lib/gcc/avr/15.1.0/../../../../avr/lib/avr5/crtatmega32.o
 .debug_line    0x0000001d      0x17c C:\Tas_2\debug\HAL\DC_MOTOR\DC_MOTOR_Program.c.o
 .debug_line    0x00000199      0x25a C:\Tas_2\debug\HAL\KEYPAD\KPD_Program.c.o
 .debug_line    0x000003f3      0x80d C:\Tas_2\debug\HAL\LCD\LCD_program.c.o
 .debug_line    0x00000c00      0x123 C:\Tas_2\debug\HAL\LED\LED_Program.c.o
 .debug_line    0x00000d23      0x19b C:\Tas_2\debug\main.c.o
 .debug_line    0x00000ebe      0x67f C:\Tas_2\debug\MCAL\DIO\DIO_Program.c.o
 .debug_line    0x0000153d      0x3e8 C:\Tas_2\debug\MCAL\EXTI\EXTI_Program.c.o
 .debug_line    0x00001925       0x7c C:\Tas_2\debug\MCAL\GIE\GIE_Programe.c.o
 .debug_line    0x000019a1      0x455 C:\Tas_2\debug\MCAL\TIMER0\Timer0_Program.c.o
 .debug_line    0x00001df6      0xac2 C:\Tas_2\debug\MCAL\UART\Uart_Program.c.o

.debug_frame    0x00000000      0x824
 *(.debug_frame)
 .debug_frame   0x00000000       0x54 C:\Tas_2\debug\HAL\DC_MOTOR\DC_MOTOR_Program.c.o
 .debug_frame   0x00000054       0x80 C:\Tas_2\debug\HAL\KEYPAD\KPD_Program.c.o
 .debug_frame   0x000000d4       0xcc C:\Tas_2\debug\HAL\LCD\LCD_program.c.o
 .debug_frame   0x000001a0       0x44 C:\Tas_2\debug\HAL\LED\LED_Program.c.o
 .debug_frame   0x000001e4       0x34 C:\Tas_2\debug\main.c.o
 .debug_frame   0x00000218       0x84 C:\Tas_2\debug\MCAL\DIO\DIO_Program.c.o
 .debug_frame   0x0000029c      0x15c C:\Tas_2\debug\MCAL\EXTI\EXTI_Program.c.o
 .debug_frame   0x000003f8       0x34 C:\Tas_2\debug\MCAL\GIE\GIE_Programe.c.o
 .debug_frame   0x0000042c      0x144 C:\Tas_2\debug\MCAL\TIMER0\Timer0_Program.c.o
 .debug_frame   0x00000570      0x2b4 C:\Tas_2\debug\MCAL\UART\Uart_Program.c.o

.debug_str      0x00000000      0x96f
 *(.debug_str)
 .debug_str     0x00000000      0x196 C:/avr_toolchain/avr8-gnu-toolchain-win32_x86_64/bin/../lib/gcc/avr/15.1.0/../../../../avr/lib/avr5/crtatmega32.o
 .debug_str     0x00000196      0x7d9 C:\Tas_2\debug\HAL\DC_MOTOR\DC_MOTOR_Program.c.o
                                0x16a (size before relaxing)
 .debug_str     0x0000096f      0x1ea C:\Tas_2\debug\HAL\KEYPAD\KPD_Program.c.o
 .debug_str     0x0000096f      0x200 C:\Tas_2\debug\HAL\LCD\LCD_program.c.o
 .debug_str     0x0000096f      0x132 C:\Tas_2\debug\HAL\LED\LED_Program.c.o
 .debug_str     0x0000096f      0x1cb C:\Tas_2\debug\main.c.o
 .debug_str     0x0000096f      0x172 C:\Tas_2\debug\MCAL\DIO\DIO_Program.c.o
 .debug_str     0x0000096f      0x14d C:\Tas_2\debug\MCAL\EXTI\EXTI_Program.c.o
 .debug_str     0x0000096f       0xf0 C:\Tas_2\debug\MCAL\GIE\GIE_Programe.c.o
 .debug_str     0x0000096f      0x267 C:\Tas_2\debug\MCAL\TIMER0\Timer0_Program.c.o
 .debug_str     0x0000096f      0x3ea C:\Tas_2\debug\MCAL\UART\Uart_Program.c.o

.debug_loc
 *(.debug_loc)

.debug_macinfo
 *(.debug_macinfo)

.debug_weaknames
 *(.debug_weaknames)

.debug_funcnames
 *(.debug_funcnames)

.debug_typenames
 *(.debug_typenames)

.debug_varnames
 *(.debug_varnames)

.debug_pubtypes
 *(.debug_pubtypes)

.debug_ranges
 *(.debug_ranges)

.debug_addr
 *(.debug_addr)

.debug_line_str
                0x00000000      0x30f
 *(.debug_line_str)
 .debug_line_str
                0x00000000      0x30f C:\Tas_2\debug\HAL\DC_MOTOR\DC_MOTOR_Program.c.o
                                0x129 (size before relaxing)
 .debug_line_str
                0x0000030f      0x116 C:\Tas_2\debug\HAL\KEYPAD\KPD_Program.c.o
 .debug_line_str
                0x0000030f      0x11b C:\Tas_2\debug\HAL\LCD\LCD_program.c.o
 .debug_line_str
                0x0000030f       0xc6 C:\Tas_2\debug\HAL\LED\LED_Program.c.o
 .debug_line_str
                0x0000030f      0x124 C:\Tas_2\debug\main.c.o
 .debug_line_str
                0x0000030f       0xa6 C:\Tas_2\debug\MCAL\DIO\DIO_Program.c.o
 .debug_line_str
                0x0000030f       0xab C:\Tas_2\debug\MCAL\EXTI\EXTI_Program.c.o
 .debug_line_str
                0x0000030f       0xa9 C:\Tas_2\debug\MCAL\GIE\GIE_Programe.c.o
 .debug_line_str
                0x0000030f       0xc6 C:\Tas_2\debug\MCAL\TIMER0\Timer0_Program.c.o
 .debug_line_str
                0x0000030f       0xba C:\Tas_2\debug\MCAL\UART\Uart_Program.c.o

.debug_loclists
                0x00000000      0xfbe
 *(.debug_loclists)
 .debug_loclists
                0x00000000       0x5d C:\Tas_2\debug\HAL\DC_MOTOR\DC_MOTOR_Program.c.o
 .debug_loclists
                0x0000005d       0xc6 C:\Tas_2\debug\HAL\KEYPAD\KPD_Program.c.o
 .debug_loclists
                0x00000123      0x547 C:\Tas_2\debug\HAL\LCD\LCD_program.c.o
 .debug_loclists
                0x0000066a      0x156 C:\Tas_2\debug\HAL\LED\LED_Program.c.o
 .debug_loclists
                0x000007c0       0x84 C:\Tas_2\debug\main.c.o
 .debug_loclists
                0x00000844      0x2f8 C:\Tas_2\debug\MCAL\DIO\DIO_Program.c.o
 .debug_loclists
                0x00000b3c      0x1a8 C:\Tas_2\debug\MCAL\EXTI\EXTI_Program.c.o
 .debug_loclists
                0x00000ce4       0x59 C:\Tas_2\debug\MCAL\TIMER0\Timer0_Program.c.o
 .debug_loclists
                0x00000d3d      0x281 C:\Tas_2\debug\MCAL\UART\Uart_Program.c.o

.debug_macro
 *(.debug_macro)

.debug_names
 *(.debug_names)

.debug_rnglists
                0x00000000       0x17
 *(.debug_rnglists)
 .debug_rnglists
                0x00000000       0x17 C:\Tas_2\debug\MCAL\TIMER0\Timer0_Program.c.o

.debug_str_offsets
 *(.debug_str_offsets)

.debug_sup
 *(.debug_sup)
OUTPUT(C:\Tas_2\debug\pwm4.elf elf32-avr)
LOAD linker stubs
